// Jest Snapshot v1, https://goo.gl/fbAQLP

exports[`matches snapshot 1`] = `
<DocumentFragment>
  <div
    class="MuiGrid-root MuiGrid-container css-11lq3yg-MuiGrid-root"
  >
    <div
      class="MuiGrid-root MuiGrid-item MuiGrid-grid-xs-6 css-1osj8n2-MuiGrid-root"
    >
      <h3>
        Progress
      </h3>
    </div>
    <div
      class="MuiGrid-root MuiGrid-item MuiGrid-grid-xs-6 css-1osj8n2-MuiGrid-root"
    >
      <h4>
        Increased  lbs   |    lbs to go
      </h4>
    </div>
    <progress
      id="goalpage-progress-bar"
      max="100"
    />
  </div>
</DocumentFragment>
`;
