// Jest Snapshot v1, https://goo.gl/fbAQLP

exports[`matches snapshot 1`] = `
<DocumentFragment>
  <div
    class="Goal"
  >
    <a
      href="/1"
    >
      <div
        class="paper"
      >
        <div
          class="MuiPaper-root MuiPaper-elevation MuiPaper-rounded MuiPaper-elevation3 css-1a1n6j7-MuiPaper-root"
        >
          <div
            class="MuiGrid-root MuiGrid-container css-11lq3yg-MuiGrid-root"
          >
            <div
              class="MuiGrid-root MuiGrid-item MuiGrid-grid-xs-12 css-ehlm6r-MuiGrid-root"
            >
              <h3>
                Test Goal
              </h3>
            </div>
          </div>
        </div>
      </div>
    </a>
  </div>
</DocumentFragment>
`;
